{
  "exclude": {
    "files": "(^|/)(secrets\\.yaml|.*\\.secrets\\.yaml|secrets\\..*\\.yaml|.*secrets\\.tfvars\\.yaml)$|^.secrets.baseline$",
    "lines": null
  },
  "generated_at": "2026-09-15T03:08:52Z",
  "plugins_used": [
    {
      "name": "AWSKeyDetector"
    },
    {
      "name": "ArtifactoryDetector"
    },
    {
      "name": "AzureStorageKeyDetector"
    },
    {
      "base64_limit": 4.5,
      "name": "Base64HighEntropyString"
    },
    {
      "name": "BasicAuthDetector"
    },
    {
      "name": "BoxDetector"
    },
    {
      "name": "CloudantDetector"
    },
    {
      "ghe_instance": "github.ibm.com",
      "name": "GheDetector"
    },
    {
      "name": "GitHubTokenDetector"
    },
    {
      "hex_limit": 3,
      "name": "HexHighEntropyString"
    },
    {
      "name": "IbmCloudIamDetector"
    },
    {
      "name": "IbmCosHmacDetector"
    },
    {
      "name": "JwtTokenDetector"
    },
    {
      "keyword_exclude": null,
      "name": "KeywordDetector"
    },
    {
      "name": "MailchimpDetector"
    },
    {
      "name": "NpmDetector"
    },
    {
      "name": "PrivateKeyDetector"
    },
    {
      "name": "SlackDetector"
    },
    {
      "name": "SoftlayerDetector"
    },
    {
      "name": "SquareOAuthDetector"
    },
    {
      "name": "StripeDetector"
    },
    {
      "name": "TwilioKeyDetector"
    }
  ],
  "results": {
    "config/database.yml": [
      {
        "hashed_secret": "5baa61e4c9b93f3f0682250b6cf8331b7ee68fd8",
        "is_secret": false,
        "is_verified": false,
        "line_number": 64,
        "type": "Basic Auth Credentials",
        "verified_result": null
      },
      {
        "hashed_secret": "e727d1464ae12436e899a726da5b2f11d8381b26",
        "is_secret": false,
        "is_verified": false,
        "line_number": 73,
        "type": "Basic Auth Credentials",
        "verified_result": null
      }
    ],
    "config/environments/production.rb": [
      {
        "hashed_secret": "e28062c0fbf7f26975b07184e9bde8ef4266f3db",
        "is_secret": false,
        "is_verified": false,
        "line_number": 83,
        "type": "Secret Keyword",
        "verified_result": null
      }
    ],
    "config/initializers/sidekiq.rb": [
      {
        "hashed_secret": "e28062c0fbf7f26975b07184e9bde8ef4266f3db",
        "is_secret": false,
        "is_verified": false,
        "line_number": 13,
        "type": "Secret Keyword",
        "verified_result": null
      },
      {
        "hashed_secret": "974ebe5996c71beab2d527a50ddfae10d8fbb9f6",
        "is_secret": false,
        "is_verified": false,
        "line_number": 16,
        "type": "Secret Keyword",
        "verified_result": null
      }
    ],
    "config/routes.rb": [
      {
        "hashed_secret": "bede101208961f88eafe1ed89b25cb88dfa9d12b",
        "is_secret": false,
        "is_verified": false,
        "line_number": 13,
        "type": "Secret Keyword",
        "verified_result": null
      }
    ],
    "config/settings.yml": [
      {
        "hashed_secret": "829c3804401b0727f70f73d4415e162400cbe57b",
        "is_secret": false,
        "is_verified": false,
        "line_number": 1,
        "type": "Secret Keyword",
        "verified_result": null
      }
    ],
    "config/settings/development.yml": [
      {
        "hashed_secret": "829c3804401b0727f70f73d4415e162400cbe57b",
        "is_secret": false,
        "is_verified": false,
        "line_number": 1,
        "type": "Secret Keyword",
        "verified_result": null
      }
    ],
    "config/storage.yml": [
      {
        "hashed_secret": "9ead47a82a0d25985f22f10651d1f93b3abba317",
        "is_secret": false,
        "is_verified": false,
        "line_number": 34,
        "type": "Secret Keyword",
        "verified_result": null
      }
    ]
  },
  "version": "0.13.1+ibm.64.dss",
  "word_list": {
    "file": null,
    "hash": null
  }
}
